[33mΓ¥»[39m Building...
[32mΓ£ö[39m Building...
Application bundle generation failed. [5.409 seconds] - 2026-02-11T23:54:51.568Z

node.exe : [1m[31m[31mX 
[41;31m[[41;97mERROR[41;31m][0m [1mTS2554: 
Expected 1 arguments, but got 2.[0m [1m[35m[plugin 
angular-compiler][0m
At C:\Users\marvi\AppData\Roaming\npm\ng.ps1:24 char:5
+     & "node$exe"  
"$basedir/node_modules/@angular/cli/bin/ng.js" $arg 
...
+     ~~~~~~~~~~~~~~~~~~~~~~~~~~~~~~~~~~~~~~~~~~~~~~~~
~~~~~~~~~~~~~~~~~
    + CategoryInfo          : NotSpecified: ([1m[31 
   m[31mX...r-compiler][0m:String) [], RemoteExcep  
  tion
    + FullyQualifiedErrorId : NativeCommandError
 

    src/app/containers/results/accordion/accordion.com
ponent.html:23:66:
[37m      23 Γöé ...  @let correctCount = 
getCorrectOptionIndices(question, [32mi[37m).length;
         Γò╡                                          
                  [32m^[0m

  Error occurs in the template of component 
AccordionComponent.

    src/app/containers/results/accordion/accordion.com
ponent.ts:23:15:
[37m      23 Γöé   templateUrl: 
[32m'./accordion.component.html'[37m,
         Γò╡                
[32m~~~~~~~~~~~~~~~~~~~~~~~~~~~~[0m


[31mX [41;31m[[41;97mERROR[41;31m][0m 
[1mTS2554: Expected 1 arguments, but got 2.[0m 
[1m[35m[plugin angular-compiler][0m

    src/app/containers/results/accordion/accordion.com
ponent.html:82:68:
[37m      82 Γöé ...       @let correctIndices = 
getCorrectOptionIndices(question, [32mi[37m);
         Γò╡                                          
                         [32m^[0m

  Error occurs in the template of component 
AccordionComponent.

    src/app/containers/results/accordion/accordion.com
ponent.ts:23:15:
[37m      23 Γöé   templateUrl: 
[32m'./accordion.component.html'[37m,
         Γò╡                
[32m~~~~~~~~~~~~~~~~~~~~~~~~~~~~[0m


[31mX [41;31m[[41;97mERROR[41;31m][0m 
[1mTS2554: Expected 1 arguments, but got 2.[0m 
[1m[35m[plugin angular-compiler][0m

    src/app/containers/results/accordion/accordion.com
ponent.html:94:71:
[37m      94 Γöé ...    @let correctIndicesExp = 
getCorrectOptionIndices(question, [32mi[37m);
         Γò╡                                          
                         [32m^[0m

  Error occurs in the template of component 
AccordionComponent.

    src/app/containers/results/accordion/accordion.com
ponent.ts:23:15:
[37m      23 Γöé   templateUrl: 
[32m'./accordion.component.html'[37m,
         Γò╡                
[32m~~~~~~~~~~~~~~~~~~~~~~~~~~~~[0m


[31mX [41;31m[[41;97mERROR[41;31m][0m 
[1mTS2307: Cannot find module 
'../services/quizstate.service' or its corresponding 
type declarations.[0m [1m[35m[plugin 
angular-compiler][0m

    src/app/shared/services/explanation-text.service.t
s:14:33:
[37m      14 Γöé import { QuizStateService } from 
[32m'../services/quizstate.service'[37m;
         Γò╡                                  
[32m~~~~~~~~~~~~~~~~~~~~~~~~~~~~~~~[0m


[31mX [41;31m[[41;97mERROR[41;31m][0m 
[1mTS2307: Cannot find module './quizstate.service' 
or its corresponding type declarations.[0m 
[1m[35m[plugin angular-compiler][0m

    src/app/shared/services/quiz.service.ts:27:33:
[37m      27 Γöé import { QuizStateService } from 
[32m'./quizstate.service'[37m;
         Γò╡                                  
[32m~~~~~~~~~~~~~~~~~~~~~[0m


[31mX [41;31m[[41;97mERROR[41;31m][0m 
[1mTS2307: Cannot find module 
'./quiz-shuffle.service' or its corresponding type 
declarations.[0m [1m[35m[plugin 
angular-compiler][0m

    src/app/shared/services/quiz.service.ts:28:35:
[37m      28 Γöé import { QuizShuffleService } from 
[32m'./quiz-shuffle.service'[37m;
         Γò╡                                    
[32m~~~~~~~~~~~~~~~~~~~~~~~~[0m


[31mX [41;31m[[41;97mERROR[41;31m][0m 
[1mNG2003: No suitable injection token for parameter 
'quizShuffleService' of class 'QuizService'.
  Consider using the @Inject decorator to specify an 
injection token.[0m [1m[35m[plugin 
angular-compiler][0m

    src/app/shared/services/quiz.service.ts:233:12:
[37m      233 Γöé     private 
[32mquizShuffleService[37m: QuizShuffleService,
          Γò╡             [32m~~~~~~~~~~~~~~~~~~[0m

  This type does not have a value, so it cannot be 
used as injection token.

    src/app/shared/services/quiz.service.ts:233:32:
[37m      233 Γöé     private quizShuffleService: 
[32mQuizShuffleService[37m,
          Γò╡                                 
[32m~~~~~~~~~~~~~~~~~~[0m


[31mX [41;31m[[41;97mERROR[41;31m][0m 
[1mTS2307: Cannot find module './feedback.service' 
or its corresponding type declarations.[0m 
[1m[35m[plugin angular-compiler][0m

    src/app/shared/services/quizquestionloader.service
.ts:16:32:
[37m      16 Γöé import { FeedbackService } from 
[32m'./feedback.service'[37m;
         Γò╡                                 
[32m~~~~~~~~~~~~~~~~~~~~[0m


[31mX [41;31m[[41;97mERROR[41;31m][0m 
[1mTS2307: Cannot find module './quizdata.service' 
or its corresponding type declarations.[0m 
[1m[35m[plugin angular-compiler][0m

    src/app/shared/services/quizquestionloader.service
.ts:18:32:
[37m      18 Γöé import { QuizDataService } from 
[32m'./quizdata.service'[37m;
         Γò╡                                 
[32m~~~~~~~~~~~~~~~~~~~~[0m


[31mX [41;31m[[41;97mERROR[41;31m][0m 
[1mTS2307: Cannot find module './quizstate.service' 
or its corresponding type declarations.[0m 
[1m[35m[plugin angular-compiler][0m

    src/app/shared/services/quizquestionloader.service
.ts:19:33:
[37m      19 Γöé import { QuizStateService } from 
[32m'./quizstate.service'[37m;
         Γò╡                                  
[32m~~~~~~~~~~~~~~~~~~~~~[0m


[31mX [41;31m[[41;97mERROR[41;31m][0m 
[1mTS2307: Cannot find module 
'./reset-background.service' or its corresponding 
type declarations.[0m [1m[35m[plugin 
angular-compiler][0m

    src/app/shared/services/quizquestionloader.service
.ts:20:39:
[37m      20 Γöé import { ResetBackgroundService } 
from [32m'./reset-background.service'[37m;
         Γò╡                                        
[32m~~~~~~~~~~~~~~~~~~~~~~~~~~~~[0m


[31mX [41;31m[[41;97mERROR[41;31m][0m 
[1mTS2307: Cannot find module 
'./reset-state.service' or its corresponding type 
declarations.[0m [1m[35m[plugin 
angular-compiler][0m

    src/app/shared/services/quizquestionloader.service
.ts:21:34:
[37m      21 Γöé import { ResetStateService } from 
[32m'./reset-state.service'[37m;
         Γò╡                                   
[32m~~~~~~~~~~~~~~~~~~~~~~~[0m


[31mX [41;31m[[41;97mERROR[41;31m][0m 
[1mTS2307: Cannot find module 
'./selectedoption.service' or its corresponding type 
declarations.[0m [1m[35m[plugin 
angular-compiler][0m

    src/app/shared/services/quizquestionloader.service
.ts:22:38:
[37m      22 Γöé import { SelectedOptionService } 
from [32m'./selectedoption.service'[37m;
         Γò╡                                       
[32m~~~~~~~~~~~~~~~~~~~~~~~~~~[0m


[31mX [41;31m[[41;97mERROR[41;31m][0m 
[1mTS2307: Cannot find module 
'./selection-message.service' or its corresponding 
type declarations.[0m [1m[35m[plugin 
angular-compiler][0m

    src/app/shared/services/quizquestionloader.service
.ts:23:40:
[37m      23 Γöé ...rt { SelectionMessageService } 
from [32m'./selection-message.service'[37m;
         Γò╡                                        
[32m~~~~~~~~~~~~~~~~~~~~~~~~~~~~~[0m


[31mX [41;31m[[41;97mERROR[41;31m][0m 
[1mTS2307: Cannot find module './timer.service' or 
its corresponding type declarations.[0m 
[1m[35m[plugin angular-compiler][0m

    src/app/shared/services/quizquestionloader.service
.ts:24:29:
[37m      24 Γöé import { TimerService } from 
[32m'./timer.service'[37m;
         Γò╡                              
[32m~~~~~~~~~~~~~~~~~[0m


[31mX [41;31m[[41;97mERROR[41;31m][0m 
[1mNG2003: No suitable injection token for parameter 
'feedbackService' of class 
'QuizQuestionLoaderService'.
  Consider using the @Inject decorator to specify an 
injection token.[0m [1m[35m[plugin 
angular-compiler][0m

    src/app/shared/services/quizquestionloader.service
.ts:110:12:
[37m      110 Γöé     private 
[32mfeedbackService[37m: FeedbackService,
          Γò╡             [32m~~~~~~~~~~~~~~~[0m

  This type does not have a value, so it cannot be 
used as injection token.

    src/app/shared/services/quizquestionloader.service
.ts:110:29:
[37m      110 Γöé     private feedbackService: 
[32mFeedbackService[37m,
          Γò╡                              
[32m~~~~~~~~~~~~~~~[0m


[31mX [41;31m[[41;97mERROR[41;31m][0m 
[1mTS18046: 'qs' is of type 'unknown'.[0m 
[1m[35m[plugin angular-compiler][0m

    src/app/shared/services/quizquestionloader.service
.ts:350:26:
[37m      350 Γöé     this.totalQuestions = 
[32mqs[37m.length;
          Γò╡                           [32m~~[0m


[31mX [41;31m[[41;97mERROR[41;31m][0m 
[1mTS2322: Type 'unknown' is not assignable to type 
'QuizQuestion[]'.[0m [1m[35m[plugin 
angular-compiler][0m

    src/app/shared/services/quizquestionloader.service
.ts:351:4:
[37m      351 Γöé     [32mthis.questionsArray[37m 
= qs;
          Γò╡     [32m~~~~~~~~~~~~~~~~~~~[0m


[31mX [41;31m[[41;97mERROR[41;31m][0m 
[1mTS18046: 'qs' is of type 'unknown'.[0m 
[1m[35m[plugin angular-compiler][0m

    src/app/shared/services/quizquestionloader.service
.ts:352:11:
[37m      352 Γöé     return [32mqs[37m.length > 0;
          Γò╡            [32m~~[0m


[31mX [41;31m[[41;97mERROR[41;31m][0m 
[1mTS7006: Parameter 'opt' implicitly has an 'any' 
type.[0m [1m[35m[plugin angular-compiler][0m

    src/app/shared/services/quizquestionloader.service
.ts:696:60:
[37m      696 Γöé     const validSelections = 
(selectedOptions ?? []).filter(([32mopt[37m) =>
          Γò╡                                         
                    [32m~~~[0m


[31mX [41;31m[[41;97mERROR[41;31m][0m 
[1mTS18046: 'allQuestions' is of type 'unknown'.[0m 
[1m[35m[plugin angular-compiler][0m

    src/app/shared/services/quizquestionloader.service
.ts:986:42:
[37m      986 Γöé       const q: QuizQuestion | 
undefined = [32mallQuestions[37m[index];
          Γò╡                                         
  [32m~~~~~~~~~~~~[0m


[31mX [41;31m[[41;97mERROR[41;31m][0m 
[1mTS7053: Element implicitly has an 'any' type 
because expression of type 'number' can't be used to 
index type '{}'.
  No index signature with a parameter of type 
'number' was found on type '{}'.[0m [1m[35m[plugin 
angular-compiler][0m

    src/app/shared/services/quizquestionloader.service
.ts:997:15:
[37m      997 Γöé         opts = 
[32mallQuestions?.[index][37m?.options ?? [];
          Γò╡                
[32m~~~~~~~~~~~~~~~~~~~~~[0m

[39m[22m
