src/app/shared/services/data/quiz-data-loader.service.ts(10,8): error TS1259: Module '"C:/Users/marvi/OneDrive/Desktop/angular-20-quiz-app/node_modules/@types/lodash/index"' can only be default-imported using the 'esModuleInterop' flag
src/app/shared/services/data/quiz.service.ts(9,8): error TS1259: Module '"C:/Users/marvi/OneDrive/Desktop/angular-20-quiz-app/node_modules/@types/lodash/index"' can only be default-imported using the 'esModuleInterop' flag
src/app/shared/services/data/quiz.service.ts(1598,41): error TS2802: Type 'MapIterator<[string, number[]]>' can only be iterated through when using the '--downlevelIteration' flag or with a '--target' of 'es2015' or higher.
src/app/shared/services/flow/quiz-shuffle.service.ts(77,36): error TS2802: Type 'MapIterator<[number, number[]]>' can only be iterated through when using the '--downlevelIteration' flag or with a '--target' of 'es2015' or higher.
src/app/shared/services/state/quizstate.service.ts(276,27): error TS2802: Type 'ArrayIterator<[number, QuizQuestion]>' can only be iterated through when using the '--downlevelIteration' flag or with a '--target' of 'es2015' or higher.
